// Jest Snapshot v1, https://goo.gl/fbAQLP

exports[`[Layout render] [should be render 1`] = `
<div
  className="sc-bdfBwQ"
/>
`;
